Error: Please provide exactly one repository as an argument.
Usage: ./conventional-commit-analyser.sh <repository>
